ï¿½Úšï¿½j%ï¿½(39) boot.esp3ï¿½ets Jun  8 2016 00:22:57

rst:0x1 (POWERON_RESET),boot:0x13 (SPI_FAST_FLASH_BOOT)
configsip: 0, SPIWP:0xee
clk_drv:0x00,q_drv:0x00,d_drv:0x00,cs0_drv:0x00,hd_drv:0x00,wp_drv:0x00
mode:DIO, clock div:2
load:0x3fff0030,len:7172
load:0x40078000,len:15540
load:0x40080400,len:4
ho 8 tail 4 room 4
load:0x40080404,len:3904
entry 0x40080640
[0;32mI (31) boot: ESP-IDF v5.2.2-dirty 2nd stage bootloader[0m
[0;32mI (31) boot: compile time Oct 21 2024 09:56:26[0m
[0;32mI (31) boot: Multicore bootloader[0m
[0;32mI (35) boot: chip revision: v1.0[0m
[0;32mI (39) boot.esp32: SPI Speed      : 40MHz[0m
[0;32mI (44) boot.esp32: SPI Mode       : DIO[0m
[0;32mI (48) boot.esp32: SPI Flash Size : 4MB[0m
[0;32mI (53) boot: Enabling RNG early entropy source...[0m
[0;32mI (58) boot: Partition Table:[0m
[0;32mI (62) boot: ## Label            Usage          Type ST Offset   Length[0m
[0;32mI (69) boot:  0 nvs              WiFi data        01 02 00009000 00004000[0m
[0;32mI (77) boot:  1 otadata          OTA data         01 00 0000d000 00002000[0m
[0;32mI (84) boot:  2 phy_init         RF data          01 01 0000f000 00001000[0m
[0;32mI (92) boot:  3 factory          factory app      00 00 00010000 00200000[0m
[0;32mI (99) boot: End of partition table[0m
[0;32mI (103) boot: Defaulting to factory image[0m
[0;32mI (108) esp_image: segment 0: paddr=00010020 vaddr=3f400020 size=506d4h (329428) map[0m
[0;32mI (229) esp_image: segment 1: paddr=000606fc vaddr=3ffbdb60 size=060dch ( 24796) load[0m
[0;32mI (239) esp_image: segment 2: paddr=000667e0 vaddr=40080000 size=09838h ( 38968) load[0m
[0;32mI (254) esp_image: segment 3: paddr=00070020 vaddr=400d0020 size=12dd90h (1236368) map[0m
[0;32mI (678) esp_image: segment 4: paddr=0019ddb8 vaddr=40089838 size=14258h ( 82520) load[0m
[0;32mI (726) boot: Loaded app from partition at offset 0x10000[0m
[0;32mI (726) boot: Disabling RNG early entropy source...[0m
[0;32mI (737) cpu_start: Multicore app[0m
[0;32mI (746) cpu_start: Pro cpu start user code[0m
[0;32mI (746) cpu_start: cpu freq: 160000000 Hz[0m
[0;32mI (746) cpu_start: Application information:[0m
[0;32mI (749) cpu_start: Project name:     onoff_client[0m
[0;32mI (755) cpu_start: App version:      1[0m
[0;32mI (759) cpu_start: Compile time:     Oct 29 2024 14:26:13[0m
[0;32mI (765) cpu_start: ELF file SHA256:  cca7ec52f...[0m
[0;32mI (771) cpu_start: ESP-IDF:          v5.2.2-dirty[0m
[0;32mI (776) cpu_start: Min chip rev:     v0.0[0m
[0;32mI (781) cpu_start: Max chip rev:     v3.99 [0m
[0;32mI (786) cpu_start: Chip rev:         v1.0[0m
[0;32mI (791) heap_init: Initializing. RAM available for dynamic allocation:[0m
[0;32mI (798) heap_init: At 3FFAFF10 len 000000F0 (0 KiB): DRAM[0m
[0;32mI (804) heap_init: At 3FFB6388 len 00001C78 (7 KiB): DRAM[0m
[0;32mI (810) heap_init: At 3FFB9A20 len 00004108 (16 KiB): DRAM[0m
[0;32mI (816) heap_init: At 3FFCFB18 len 000104E8 (65 KiB): DRAM[0m
[0;32mI (822) heap_init: At 3FFE0440 len 00003AE0 (14 KiB): D/IRAM[0m
[0;32mI (828) heap_init: At 3FFE4350 len 0001BCB0 (111 KiB): D/IRAM[0m
[0;32mI (835) heap_init: At 4009DA90 len 00002570 (9 KiB): IRAM[0m
[0;32mI (842) spi_flash: detected chip: generic[0m
[0;32mI (846) spi_flash: flash io: dio[0m
[0;32mI (850) coexist: coex firmware version: d96c1e51f[0m
[0;32mI (856) main_task: Started on CPU0[0m
[0;32mI (866) main_task: Calling app_main()[0m
[0;32mI (866) EXAMPLE: Initializing...[0m
[0;32mI (866) gpio: GPIO[25]| InputEn: 0| OutputEn: 0| OpenDrain: 0| Pullup: 1| Pulldown: 0| Intr:0 [0m
[0;32mI (876) gpio: GPIO[26]| InputEn: 0| OutputEn: 0| OpenDrain: 0| Pullup: 1| Pulldown: 0| Intr:0 [0m
[0;32mI (886) gpio: GPIO[27]| InputEn: 0| OutputEn: 0| OpenDrain: 0| Pullup: 1| Pulldown: 0| Intr:0 [0m
use esp timer !!!
[0;31mE (896) esp_timer: Task is already initialized[0m
[0;32mI (896) gpio: GPIO[0]| InputEn: 1| OutputEn: 0| OpenDrain: 0| Pullup: 1| Pulldown: 0| Intr:3 [0m
[0;32mI (976) BTDM_INIT: BT controller compile version [4012cfb][0m
[0;32mI (986) BTDM_INIT: Bluetooth MAC: 30:ae:a4:98:71:1e[0m
[0;32mI (986) phy_init: phy_version 4791,2c4672b,Dec 20 2023,16:06:06[0m
[0;32mI (1396) EXAMPLE_NVS: Open namespace done, name "mesh_example"[0m
Bluetooth Mesh v1.1 commit: [10f7fdc1a9]
[0;32mI (1506) EXAMPLE: BLE Mesh Provisioner initialized[0m
[0;33mW (1526) BLE_MESH: AppKey exists, AppKeyIndex updated[0m
[0;32mI (1526) EXAMPLE: ESP_BLE_MESH_PROVISIONER_PROV_ENABLE_COMP_EVT, err_code 0[0m
[0;32mI (1526) EXAMPLE: ESP_BLE_MESH_PROVISIONER_ADD_LOCAL_APP_KEY_COMP_EVT, err_code 0[0m
[0;32mI (1536) EXAMPLE: ESP_BLE_MESH_PROVISIONER_BIND_APP_KEY_TO_MODEL_COMP_EVT, err_code 0[0m
I (1556) wifi:wifi driver task: 3ffdc8b4, prio:23, stack:6656, core=0
I (1576) wifi:wifi firmware version: 3e0076f
I (1576) wifi:wifi certification version: v7.0
I (1576) wifi:config NVS flash: enabled
I (1576) wifi:config nano formating: disabled
I (1576) wifi:Init data frame dynamic rx buffer num: 32
I (1586) wifi:Init static rx mgmt buffer num: 5
I (1586) wifi:Init management short buffer num: 32
I (1586) wifi:Init dynamic tx buffer num: 32
I (1596) wifi:Init static rx buffer size: 1600
I (1596) wifi:Init static rx buffer num: 10
I (1606) wifi:Init dynamic rx buffer num: 32
[0;32mI (1606) wifi_init: rx ba win: 6[0m
[0;32mI (1606) wifi_init: tcpip mbox: 32[0m
[0;32mI (1616) wifi_init: udp mbox: 6[0m
[0;32mI (1616) wifi_init: tcp mbox: 6[0m
[0;32mI (1626) wifi_init: tcp tx win: 5760[0m
[0;32mI (1626) wifi_init: tcp rx win: 5760[0m
[0;32mI (1626) wifi_init: tcp mss: 1440[0m
[0;32mI (1636) wifi_init: WiFi IRAM OP enabled[0m
[0;32mI (1636) wifi_init: WiFi RX IRAM OP enabled[0m
I (1656) wifi:mode : sta (30:ae:a4:98:71:1c)
I (1656) wifi:enable tsf
[0;32mI (1656) EXAMPLE: wifi_init_sta finished.[0m
I (1666) wifi:new:<6,0>, old:<1,0>, ap:<255,255>, sta:<6,0>, prof:1
I (1666) wifi:state: init -> auth (b0)
I (1676) wifi:state: auth -> assoc (0)
I (1686) wifi:state: assoc -> run (10)
I (1716) wifi:connected with Turtlee, aid = 2, channel 6, BW20, bssid = f6:3b:97:a0:b0:9f
I (1716) wifi:security: WPA2-PSK, phy: bgn, rssi: -85
I (1726) wifi:pm start, type: 1

I (1726) wifi:dp: 1, bi: 102400, li: 3, scale listen interval from 307200 us to 307200 us
I (1736) wifi:AP's beacon interval = 102400 us, DTIM period = 1
[0;32mI (2196) EXAMPLE: ESP_BLE_MESH_PROVISIONER_RECV_UNPROV_ADV_PKT_EVT[0m
[0;32mI (2196) EXAMPLE: address: 030402afa4c3, address type: 0, adv type: 0[0m
[0;32mI (2196) EXAMPLE: device uuid: c3250bcbc188523ea1dd316afa1dca0a[0m
[0;32mI (2206) EXAMPLE: oob info: 0, bearer: PB-GATT[0m
[0;32mI (2216) EXAMPLE: ESP_BLE_MESH_PROVISIONER_ADD_UNPROV_DEV_COMP_EVT, err_code 0[0m
[0;32mI (2746) esp_netif_handlers: sta ip: 172.20.10.3, mask: 255.255.255.240, gw: 172.20.10.1[0m
[0;32mI (2746) EXAMPLE: got ip:172.20.10.3[0m
[0;32mI (2746) EXAMPLE: connected to ap SSID:Turtlee password:11111111[0m
[0;32mI (2756) mqtts_example: [APP] Free memory: 109216 bytes[0m
[0;32mI (2766) mqtts_example: Other event id:7[0m
[0;32mI (2776) main_task: Returned from app_main()[0m
I (2796) wifi:<ba-add>idx:0 (ifx:0, f6:3b:97:a0:b0:9f), tid:0, ssn:3, winSize:64
[0;32mI (2986) mqtts_example: MQTT_EVENT_CONNECTED[0m
[0;32mI (2996) mqtts_example: sent subscribe successful, msg_id=58926[0m
[0;32mI (3066) mqtts_example: MQTT_EVENT_SUBSCRIBED, msg_id=58926[0m
[0;32mI (5566) EXAMPLE: PB-GATT link open[0m
[0;33mW (8716) BT_HCI: hci cmd send: disconnect: hdl 0x0, rsn:0x13[0m
[0;33mW (8726) BT_APPL: gattc_conn_cb: if=3 st=0 id=3 rsn=0x16[0m
[0;32mI (8726) EXAMPLE: node index: 0x0, unicast address: 0x05, element num: 3, netkey index: 0x00[0m
[0;32mI (8736) EXAMPLE: device uuid: c3250bcbc188523ea1dd316afa1dca0a[0m
[0;32mI (8736) EXAMPLE: PB-GATT link close, reason 0x16[0m
[0;33mW (8746) BT_HCI: hcif disc complete: hdl 0x0, rsn 0x16[0m
[0;32mI (8776) EXAMPLE: ESP_BLE_MESH_PROVISIONER_SET_NODE_NAME_COMP_EVT, err_code 0[0m
[0;32mI (8786) EXAMPLE: Node 0 name is: NODE-0[0m
[0;32mI (10136) EXAMPLE: example_ble_mesh_config_client_cb, error_code = 0x00, event = 0x00, addr: 0x0005, opcode: 0x8008[0m
[0;32mI (10136) EXAMPLE: composition data 1102070033336900070000000602000002000300001003120412110200001102010000000301001003120412110200000000030100100312041211020000[0m
[0;32mI (10646) EXAMPLE: example_ble_mesh_config_client_cb, error_code = 0x00, event = 0x01, addr: 0x0005, opcode: 0x0000[0m
[0;32mI (10646) EXAMPLE: Sent bind app key request to element 0x0005[0m
[0;32mI (10946) EXAMPLE: example_ble_mesh_config_client_cb, error_code = 0x00, event = 0x01, addr: 0x0005, opcode: 0x803d[0m
[0;32mI (10946) EXAMPLE: Bind app key success for element 0x0005[0m
[0;32mI (10946) EXAMPLE: Sent bind app key request to element 0x0006[0m
[0;32mI (11166) EXAMPLE: example_ble_mesh_config_client_cb, error_code = 0x00, event = 0x01, addr: 0x0005, opcode: 0x803d[0m
[0;32mI (11166) EXAMPLE: Bind app key success for element 0x0005[0m
[0;32mI (11176) EXAMPLE: Sent bind app key request to element 0x0007[0m
[0;32mI (11376) EXAMPLE: example_ble_mesh_config_client_cb, error_code = 0x00, event = 0x01, addr: 0x0005, opcode: 0x803d[0m
[0;32mI (11376) EXAMPLE: Bind app key success for element 0x0005[0m
[0;32mI (11386) EXAMPLE: All elements have been bound with app key.[0m
[0;32mI (24456) EXAMPLE: example_ble_mesh_generic_client_cb, error_code = 0x00, event = 0x02, addr: 0x0007, opcode: 0x8204[0m
addr: 0x0007
[0;32mI (24456) EXAMPLE: Node found: unicast = 0x0005[0m
Found element with address: 0x0007
[0;32mI (24466) EXAMPLE: ESP_BLE_MESH_MODEL_OP_GEN_ONOFF_STATUS onoff: 0x01[0m
[0;32mI (24476) mqtts_example: Message published successfully: {"0x0007":{"value":"1"}}[0m
[0;32mI (40916) EXAMPLE: example_ble_mesh_generic_client_cb, error_code = 0x00, event = 0x02, addr: 0x0006, opcode: 0x8204[0m
addr: 0x0006
[0;32mI (40916) EXAMPLE: Node found: unicast = 0x0005[0m
Found element with address: 0x0006
[0;32mI (40926) EXAMPLE: ESP_BLE_MESH_MODEL_OP_GEN_ONOFF_STATUS onoff: 0x00[0m
[0;32mI (40936) mqtts_example: Message published successfully: {"0x0006":{"value":"0"}}[0m
[0;32mI (42276) EXAMPLE: example_ble_mesh_generic_client_cb, error_code = 0x00, event = 0x02, addr: 0x0005, opcode: 0x8204[0m
addr: 0x0005
[0;32mI (42276) EXAMPLE: Node found: unicast = 0x0005[0m
Found element with address: 0x0005
[0;32mI (42286) EXAMPLE: ESP_BLE_MESH_MODEL_OP_GEN_ONOFF_STATUS onoff: 0x00[0m
[0;32mI (42296) mqtts_example: Message published successfully: {"0x0005":{"value":"0"}}[0m
[0;32mI (141916) mqtts_example: MQTT_EVENT_DATA[0m
TOPIC=v1/gateway/rpc
DATA={"device":"0x0005","data":{"id":0,"method":"setValue","params":true}}
Device Address: 0x0000
On/Off Value: 1
Send -> Address: 0x0000, OnOff Value: 1
addr send: 0x0000addr send 2: 0x0000[0;31mE (141926) EXAMPLE: Send Generic OnOff Set Unack failed[0m
[0;31mE (141926) EXAMPLE: Send Generic OnOff Get failed[0m
