ï¿½j%ï¿½(39) boot.esp32: SPI Spï¿½ets Jun  8 2016 00:22:57

rst:0x1 (POWERON_RESET),boot:0x13 (SPI_FAST_FLASH_BOOT)
configsip: 0, SPIWP:0xee
clk_drv:0x00,q_drv:0x00,d_drv:0x00,cs0_drv:0x00,hd_drv:0x00,wp_drv:0x00
mode:DIO, clock div:2
load:0x3fff0030,len:7172
load:0x40078000,len:15540
load:0x40080400,len:4
ho 8 tail 4 room 4
load:0x40080404,len:3904
entry 0x40080640
[0;32mI (30) boot: ESP-IDF v5.2.2-dirty 2nd stage bootloader[0m
[0;32mI (30) boot: compile time Oct 21 2024 09:56:26[0m
[0;32mI (31) boot: Multicore bootloader[0m
[0;32mI (35) boot: chip revision: v1.0[0m
[0;32mI (39) boot.esp32: SPI Speed      : 40MHz[0m
[0;32mI (44) boot.esp32: SPI Mode       : DIO[0m
[0;32mI (48) boot.esp32: SPI Flash Size : 4MB[0m
[0;32mI (53) boot: Enabling RNG early entropy source...[0m
[0;32mI (58) boot: Partition Table:[0m
[0;32mI (62) boot: ## Label            Usage          Type ST Offset   Length[0m
[0;32mI (69) boot:  0 nvs              WiFi data        01 02 00009000 00004000[0m
[0;32mI (76) boot:  1 otadata          OTA data         01 00 0000d000 00002000[0m
[0;32mI (84) boot:  2 phy_init         RF data          01 01 0000f000 00001000[0m
[0;32mI (91) boot:  3 factory          factory app      00 00 00010000 00200000[0m
[0;32mI (99) boot: End of partition table[0m
[0;32mI (103) boot: Defaulting to factory image[0m
[0;32mI (108) esp_image: segment 0: paddr=00010020 vaddr=3f400020 size=503e4h (328676) map[0m
[0;32mI (229) esp_image: segment 1: paddr=0006040c vaddr=3ffbdb60 size=060dch ( 24796) load[0m
[0;32mI (238) esp_image: segment 2: paddr=000664f0 vaddr=40080000 size=09b28h ( 39720) load[0m
[0;32mI (254) esp_image: segment 3: paddr=00070020 vaddr=400d0020 size=12dc40h (1236032) map[0m
[0;32mI (678) esp_image: segment 4: paddr=0019dc68 vaddr=40089b28 size=13f68h ( 81768) load[0m
[0;32mI (725) boot: Loaded app from partition at offset 0x10000[0m
[0;32mI (725) boot: Disabling RNG early entropy source...[0m
[0;32mI (737) cpu_start: Multicore app[0m
[0;32mI (746) cpu_start: Pro cpu start user code[0m
[0;32mI (746) cpu_start: cpu freq: 160000000 Hz[0m
[0;32mI (746) cpu_start: Application information:[0m
[0;32mI (749) cpu_start: Project name:     onoff_client[0m
[0;32mI (754) cpu_start: App version:      1[0m
[0;32mI (759) cpu_start: Compile time:     Oct 29 2024 14:26:13[0m
[0;32mI (765) cpu_start: ELF file SHA256:  32aea186e...[0m
[0;32mI (770) cpu_start: ESP-IDF:          v5.2.2-dirty[0m
[0;32mI (775) cpu_start: Min chip rev:     v0.0[0m
[0;32mI (780) cpu_start: Max chip rev:     v3.99 [0m
[0;32mI (785) cpu_start: Chip rev:         v1.0[0m
[0;32mI (790) heap_init: Initializing. RAM available for dynamic allocation:[0m
[0;32mI (797) heap_init: At 3FFAFF10 len 000000F0 (0 KiB): DRAM[0m
[0;32mI (803) heap_init: At 3FFB6388 len 00001C78 (7 KiB): DRAM[0m
[0;32mI (809) heap_init: At 3FFB9A20 len 00004108 (16 KiB): DRAM[0m
[0;32mI (815) heap_init: At 3FFCFAF0 len 00010510 (65 KiB): DRAM[0m
[0;32mI (821) heap_init: At 3FFE0440 len 00003AE0 (14 KiB): D/IRAM[0m
[0;32mI (828) heap_init: At 3FFE4350 len 0001BCB0 (111 KiB): D/IRAM[0m
[0;32mI (834) heap_init: At 4009DA90 len 00002570 (9 KiB): IRAM[0m
[0;32mI (842) spi_flash: detected chip: generic[0m
[0;32mI (845) spi_flash: flash io: dio[0m
[0;32mI (850) coexist: coex firmware version: d96c1e51f[0m
[0;32mI (855) main_task: Started on CPU0[0m
[0;32mI (865) main_task: Calling app_main()[0m
[0;32mI (865) EXAMPLE: Initializing...[0m
[0;32mI (865) gpio: GPIO[25]| InputEn: 0| OutputEn: 0| OpenDrain: 0| Pullup: 1| Pulldown: 0| Intr:0 [0m
[0;32mI (875) gpio: GPIO[26]| InputEn: 0| OutputEn: 0| OpenDrain: 0| Pullup: 1| Pulldown: 0| Intr:0 [0m
[0;32mI (885) gpio: GPIO[27]| InputEn: 0| OutputEn: 0| OpenDrain: 0| Pullup: 1| Pulldown: 0| Intr:0 [0m
use esp timer !!!
[0;31mE (895) esp_timer: Task is already initialized[0m
[0;32mI (895) gpio: GPIO[0]| InputEn: 1| OutputEn: 0| OpenDrain: 0| Pullup: 1| Pulldown: 0| Intr:3 [0m
[0;32mI (975) BTDM_INIT: BT controller compile version [4012cfb][0m
[0;32mI (975) BTDM_INIT: Bluetooth MAC: 30:ae:a4:98:71:1e[0m
[0;32mI (975) phy_init: phy_version 4791,2c4672b,Dec 20 2023,16:06:06[0m
[0;32mI (1385) EXAMPLE_NVS: Open namespace done, name "mesh_example"[0m
Bluetooth Mesh v1.1 commit: [10f7fdc1a9]
[0;32mI (1505) EXAMPLE: BLE Mesh Provisioner initialized[0m
[0;33mW (1515) BLE_MESH: AppKey exists, AppKeyIndex updated[0m
[0;32mI (1515) EXAMPLE: ESP_BLE_MESH_PROVISIONER_PROV_ENABLE_COMP_EVT, err_code 0[0m
[0;32mI (1515) EXAMPLE: ESP_BLE_MESH_PROVISIONER_ADD_LOCAL_APP_KEY_COMP_EVT, err_code 0[0m
[0;32mI (1525) EXAMPLE: ESP_BLE_MESH_PROVISIONER_BIND_APP_KEY_TO_MODEL_COMP_EVT, err_code 0[0m
I (1545) wifi:wifi driver task: 3ffdc8b4, prio:23, stack:6656, core=0
I (1565) wifi:wifi firmware version: 3e0076f
I (1565) wifi:wifi certification version: v7.0
I (1565) wifi:config NVS flash: enabled
I (1565) wifi:config nano formating: disabled
I (1565) wifi:Init data frame dynamic rx buffer num: 32
I (1575) wifi:Init static rx mgmt buffer num: 5
I (1575) wifi:Init management short buffer num: 32
I (1585) wifi:Init dynamic tx buffer num: 32
I (1585) wifi:Init static rx buffer size: 1600
I (1595) wifi:Init static rx buffer num: 10
I (1595) wifi:Init dynamic rx buffer num: 32
[0;32mI (1595) wifi_init: rx ba win: 6[0m
[0;32mI (1605) wifi_init: tcpip mbox: 32[0m
[0;32mI (1605) wifi_init: udp mbox: 6[0m
[0;32mI (1605) wifi_init: tcp mbox: 6[0m
[0;32mI (1615) wifi_init: tcp tx win: 5760[0m
[0;32mI (1615) wifi_init: tcp rx win: 5760[0m
[0;32mI (1625) wifi_init: tcp mss: 1440[0m
[0;32mI (1625) wifi_init: WiFi IRAM OP enabled[0m
[0;32mI (1635) wifi_init: WiFi RX IRAM OP enabled[0m
I (1645) wifi:mode : sta (30:ae:a4:98:71:1c)
I (1645) wifi:enable tsf
[0;32mI (1645) EXAMPLE: wifi_init_sta finished.[0m
I (1705) wifi:new:<6,0>, old:<1,0>, ap:<255,255>, sta:<6,0>, prof:1
I (1705) wifi:state: init -> auth (b0)
I (1715) wifi:state: auth -> assoc (0)
I (2725) wifi:state: assoc -> init (2700)
I (2725) wifi:Coexist: Wi-Fi connect fail, apply reconnect coex policy

I (2725) wifi:new:<6,0>, old:<6,0>, ap:<255,255>, sta:<6,0>, prof:1
[0;32mI (2735) EXAMPLE: retry to connect to the AP[0m
[0;32mI (2735) EXAMPLE: connect to the AP fail[0m
I (7555) wifi:Coexist: Wi-Fi connect fail, apply reconnect coex policy

[0;32mI (7565) EXAMPLE: retry to connect to the AP[0m
[0;32mI (7565) EXAMPLE: connect to the AP fail[0m
I (7635) wifi:new:<6,0>, old:<6,0>, ap:<255,255>, sta:<6,0>, prof:1
I (7645) wifi:state: init -> auth (b0)
I (7655) wifi:state: auth -> assoc (0)
I (7655) wifi:state: assoc -> run (10)
I (7705) wifi:connected with Turtlee, aid = 2, channel 6, BW20, bssid = fe:dc:7a:c2:83:4c
I (7705) wifi:security: WPA2-PSK, phy: bgn, rssi: -78
I (7705) wifi:pm start, type: 1

I (7705) wifi:dp: 1, bi: 102400, li: 3, scale listen interval from 307200 us to 307200 us
I (7735) wifi:AP's beacon interval = 102400 us, DTIM period = 1
[0;32mI (8715) esp_netif_handlers: sta ip: 172.20.10.3, mask: 255.255.255.240, gw: 172.20.10.1[0m
[0;32mI (8715) EXAMPLE: got ip:172.20.10.3[0m
[0;32mI (8715) EXAMPLE: connected to ap SSID:Turtlee password:11111111[0m
[0;32mI (8725) mqtts_example: [APP] Free memory: 113908 bytes[0m
[0;32mI (8725) mqtts_example: Other event id:7[0m
[0;31mE (8735) mqtt_client: No scheme found[0m
[0;31mE (8735) mqtt_client: Failed to create transport list[0m
[0;32mI (8745) main_task: Returned from app_main()[0m
